// Jest Snapshot v1, https://goo.gl/fbAQLP

exports[`General tests renders its UI correctly 1`] = `
<div
  className="isUserAuthenticated"
>
  <form
    action=""
  >
    <input
      id="checkbox-compliance"
      required={true}
      type="checkbox"
    />
    <label
      htmlFor="checkbox-compliance"
    >
      I accept the 
      <a
        href="/buyingClauses"
        target="_blank"
      >
        shop buying clauses
      </a>
      .
    </label>
    <button
      className="sellRequest-validation-button"
      type="submit"
    >
      Validate
    </button>
  </form>
</div>
`;
